// Jest Snapshot v1, https://goo.gl/fbAQLP

exports[`Test the App components renders the App correctly 1`] = `
Object {
  "asFragment": [Function],
  "baseElement": <body>
    <div>
      <div
        class="container"
      >
        <div>
          <nav
            class="nav-container"
          >
            <h1>
              Covid Cases by Continets
            </h1>
            <div
              class="icons-container"
            >
              <i
                class="material-symbols-outlined"
              >
                mic
              </i>
              <i
                class="material-symbols-outlined"
              >
                settings
              </i>
            </div>
          </nav>
          <div
            class="map"
          >
            <img
              alt="logo"
              class="nav-logo"
              src="map.png"
            />
          </div>
        </div>
        <div>
          <input
            placeholder="Search by continent here"
            type="text"
          />
        </div>
        <ul
          class="continents-ul"
        >
          <li
            class="continents-li"
          >
            <div>
              <i
                class="circle-arrow material-symbols-outlined"
              >
                arrow_circle_right
              </i>
            </div>
            <a
              href="#/South America"
            >
              <h2>
                South America
              </h2>
              <p>
                59063198
              </p>
            </a>
          </li>
        </ul>
      </div>
    </div>
  </body>,
  "container": <div>
    <div
      class="container"
    >
      <div>
        <nav
          class="nav-container"
        >
          <h1>
            Covid Cases by Continets
          </h1>
          <div
            class="icons-container"
          >
            <i
              class="material-symbols-outlined"
            >
              mic
            </i>
            <i
              class="material-symbols-outlined"
            >
              settings
            </i>
          </div>
        </nav>
        <div
          class="map"
        >
          <img
            alt="logo"
            class="nav-logo"
            src="map.png"
          />
        </div>
      </div>
      <div>
        <input
          placeholder="Search by continent here"
          type="text"
        />
      </div>
      <ul
        class="continents-ul"
      >
        <li
          class="continents-li"
        >
          <div>
            <i
              class="circle-arrow material-symbols-outlined"
            >
              arrow_circle_right
            </i>
          </div>
          <a
            href="#/South America"
          >
            <h2>
              South America
            </h2>
            <p>
              59063198
            </p>
          </a>
        </li>
      </ul>
    </div>
  </div>,
  "debug": [Function],
  "findAllByAltText": [Function],
  "findAllByDisplayValue": [Function],
  "findAllByLabelText": [Function],
  "findAllByPlaceholderText": [Function],
  "findAllByRole": [Function],
  "findAllByTestId": [Function],
  "findAllByText": [Function],
  "findAllByTitle": [Function],
  "findByAltText": [Function],
  "findByDisplayValue": [Function],
  "findByLabelText": [Function],
  "findByPlaceholderText": [Function],
  "findByRole": [Function],
  "findByTestId": [Function],
  "findByText": [Function],
  "findByTitle": [Function],
  "getAllByAltText": [Function],
  "getAllByDisplayValue": [Function],
  "getAllByLabelText": [Function],
  "getAllByPlaceholderText": [Function],
  "getAllByRole": [Function],
  "getAllByTestId": [Function],
  "getAllByText": [Function],
  "getAllByTitle": [Function],
  "getByAltText": [Function],
  "getByDisplayValue": [Function],
  "getByLabelText": [Function],
  "getByPlaceholderText": [Function],
  "getByRole": [Function],
  "getByTestId": [Function],
  "getByText": [Function],
  "getByTitle": [Function],
  "queryAllByAltText": [Function],
  "queryAllByDisplayValue": [Function],
  "queryAllByLabelText": [Function],
  "queryAllByPlaceholderText": [Function],
  "queryAllByRole": [Function],
  "queryAllByTestId": [Function],
  "queryAllByText": [Function],
  "queryAllByTitle": [Function],
  "queryByAltText": [Function],
  "queryByDisplayValue": [Function],
  "queryByLabelText": [Function],
  "queryByPlaceholderText": [Function],
  "queryByRole": [Function],
  "queryByTestId": [Function],
  "queryByText": [Function],
  "queryByTitle": [Function],
  "rerender": [Function],
  "unmount": [Function],
}
`;

exports[`Test the App components renders the Home page correctly 1`] = `
Object {
  "asFragment": [Function],
  "baseElement": <body>
    <div>
      <div
        class="container"
      >
        <div>
          <nav
            class="nav-container"
          >
            <h1>
              Covid Cases by Continets
            </h1>
            <div
              class="icons-container"
            >
              <i
                class="material-symbols-outlined"
              >
                mic
              </i>
              <i
                class="material-symbols-outlined"
              >
                settings
              </i>
            </div>
          </nav>
          <div
            class="map"
          >
            <img
              alt="logo"
              class="nav-logo"
              src="map.png"
            />
          </div>
        </div>
        <div>
          <input
            placeholder="Search by continent here"
            type="text"
          />
        </div>
        <ul
          class="continents-ul"
        >
          <li
            class="continents-li"
          >
            <div>
              <i
                class="circle-arrow material-symbols-outlined"
              >
                arrow_circle_right
              </i>
            </div>
            <a
              href="#/South America"
            >
              <h2>
                South America
              </h2>
              <p>
                59063198
              </p>
            </a>
          </li>
        </ul>
      </div>
    </div>
  </body>,
  "container": <div>
    <div
      class="container"
    >
      <div>
        <nav
          class="nav-container"
        >
          <h1>
            Covid Cases by Continets
          </h1>
          <div
            class="icons-container"
          >
            <i
              class="material-symbols-outlined"
            >
              mic
            </i>
            <i
              class="material-symbols-outlined"
            >
              settings
            </i>
          </div>
        </nav>
        <div
          class="map"
        >
          <img
            alt="logo"
            class="nav-logo"
            src="map.png"
          />
        </div>
      </div>
      <div>
        <input
          placeholder="Search by continent here"
          type="text"
        />
      </div>
      <ul
        class="continents-ul"
      >
        <li
          class="continents-li"
        >
          <div>
            <i
              class="circle-arrow material-symbols-outlined"
            >
              arrow_circle_right
            </i>
          </div>
          <a
            href="#/South America"
          >
            <h2>
              South America
            </h2>
            <p>
              59063198
            </p>
          </a>
        </li>
      </ul>
    </div>
  </div>,
  "debug": [Function],
  "findAllByAltText": [Function],
  "findAllByDisplayValue": [Function],
  "findAllByLabelText": [Function],
  "findAllByPlaceholderText": [Function],
  "findAllByRole": [Function],
  "findAllByTestId": [Function],
  "findAllByText": [Function],
  "findAllByTitle": [Function],
  "findByAltText": [Function],
  "findByDisplayValue": [Function],
  "findByLabelText": [Function],
  "findByPlaceholderText": [Function],
  "findByRole": [Function],
  "findByTestId": [Function],
  "findByText": [Function],
  "findByTitle": [Function],
  "getAllByAltText": [Function],
  "getAllByDisplayValue": [Function],
  "getAllByLabelText": [Function],
  "getAllByPlaceholderText": [Function],
  "getAllByRole": [Function],
  "getAllByTestId": [Function],
  "getAllByText": [Function],
  "getAllByTitle": [Function],
  "getByAltText": [Function],
  "getByDisplayValue": [Function],
  "getByLabelText": [Function],
  "getByPlaceholderText": [Function],
  "getByRole": [Function],
  "getByTestId": [Function],
  "getByText": [Function],
  "getByTitle": [Function],
  "queryAllByAltText": [Function],
  "queryAllByDisplayValue": [Function],
  "queryAllByLabelText": [Function],
  "queryAllByPlaceholderText": [Function],
  "queryAllByRole": [Function],
  "queryAllByTestId": [Function],
  "queryAllByText": [Function],
  "queryAllByTitle": [Function],
  "queryByAltText": [Function],
  "queryByDisplayValue": [Function],
  "queryByLabelText": [Function],
  "queryByPlaceholderText": [Function],
  "queryByRole": [Function],
  "queryByTestId": [Function],
  "queryByText": [Function],
  "queryByTitle": [Function],
  "rerender": [Function],
  "unmount": [Function],
}
`;
